// Jest Snapshot v1, https://goo.gl/fbAQLP

exports[`render Dashboard 1`] = `
<div>
  Dashboard page content
</div>
`;
